Q/guards first=58 reference=-53 fused=-52
scales/guards first=32 reference=0.0338583 fused=0.0338781
GDN dev=0 kh0=0 nr=1 pattern=1 bad=238
Q/guards first=58 reference=-53 fused=-52
scales/guards first=32 reference=0.0338583 fused=0.0338781
GDN dev=0 kh0=0 nr=3 pattern=1 bad=760
Q/guards first=58 reference=-53 fused=-52
scales/guards first=32 reference=0.0338583 fused=0.0338781
GDN dev=0 kh0=0 nr=4 pattern=1 bad=1004
Q/guards first=34 reference=102 fused=101
scales/guards first=32 reference=0.0297244 fused=0.0297771
GDN dev=0 kh0=6 nr=1 pattern=1 bad=190
Q/guards first=34 reference=102 fused=101
scales/guards first=32 reference=0.0297244 fused=0.0297771
GDN dev=0 kh0=6 nr=3 pattern=1 bad=618
Q/guards first=34 reference=102 fused=101
scales/guards first=32 reference=0.0297244 fused=0.0297771
GDN dev=0 kh0=6 nr=4 pattern=1 bad=823
Q/guards first=34 reference=102 fused=101
scales/guards first=32 reference=0.0297244 fused=0.0297771
GDN dev=0 kh0=11 nr=1 pattern=1 bad=190
Q/guards first=34 reference=102 fused=101
scales/guards first=32 reference=0.0297244 fused=0.0297771
GDN dev=0 kh0=11 nr=3 pattern=1 bad=618
Q/guards first=34 reference=102 fused=101
scales/guards first=32 reference=0.0297244 fused=0.0297771
GDN dev=0 kh0=11 nr=4 pattern=1 bad=823
Q/guards first=58 reference=-53 fused=-52
scales/guards first=32 reference=0.0338583 fused=0.0338781
GDN dev=1 kh0=0 nr=1 pattern=1 bad=238
Q/guards first=58 reference=-53 fused=-52
scales/guards first=32 reference=0.0338583 fused=0.0338781
GDN dev=1 kh0=0 nr=3 pattern=1 bad=760
Q/guards first=58 reference=-53 fused=-52
scales/guards first=32 reference=0.0338583 fused=0.0338781
GDN dev=1 kh0=0 nr=4 pattern=1 bad=1004
Q/guards first=34 reference=102 fused=101
scales/guards first=32 reference=0.0297244 fused=0.0297771
GDN dev=1 kh0=6 nr=1 pattern=1 bad=190
Q/guards first=34 reference=102 fused=101
scales/guards first=32 reference=0.0297244 fused=0.0297771
GDN dev=1 kh0=6 nr=3 pattern=1 bad=618
Q/guards first=34 reference=102 fused=101
scales/guards first=32 reference=0.0297244 fused=0.0297771
GDN dev=1 kh0=6 nr=4 pattern=1 bad=823
Q/guards first=34 reference=102 fused=101
scales/guards first=32 reference=0.0297244 fused=0.0297771
GDN dev=1 kh0=11 nr=1 pattern=1 bad=190
Q/guards first=34 reference=102 fused=101
scales/guards first=32 reference=0.0297244 fused=0.0297771
GDN dev=1 kh0=11 nr=3 pattern=1 bad=618
Q/guards first=34 reference=102 fused=101
scales/guards first=32 reference=0.0297244 fused=0.0297771
GDN dev=1 kh0=11 nr=4 pattern=1 bad=823
Q/guards first=58 reference=-53 fused=-52
scales/guards first=32 reference=0.0338583 fused=0.0338781
GDN dev=2 kh0=0 nr=1 pattern=1 bad=238
Q/guards first=58 reference=-53 fused=-52
scales/guards first=32 reference=0.0338583 fused=0.0338781
GDN dev=2 kh0=0 nr=3 pattern=1 bad=760
Q/guards first=58 reference=-53 fused=-52
scales/guards first=32 reference=0.0338583 fused=0.0338781
GDN dev=2 kh0=0 nr=4 pattern=1 bad=1004
Q/guards first=34 reference=102 fused=101
scales/guards first=32 reference=0.0297244 fused=0.0297771
GDN dev=2 kh0=6 nr=1 pattern=1 bad=190
Q/guards first=34 reference=102 fused=101
scales/guards first=32 reference=0.0297244 fused=0.0297771
GDN dev=2 kh0=6 nr=3 pattern=1 bad=618
Q/guards first=34 reference=102 fused=101
scales/guards first=32 reference=0.0297244 fused=0.0297771
GDN dev=2 kh0=6 nr=4 pattern=1 bad=823
Q/guards first=34 reference=102 fused=101
scales/guards first=32 reference=0.0297244 fused=0.0297771
GDN dev=2 kh0=11 nr=1 pattern=1 bad=190
Q/guards first=34 reference=102 fused=101
scales/guards first=32 reference=0.0297244 fused=0.0297771
GDN dev=2 kh0=11 nr=3 pattern=1 bad=618
Q/guards first=34 reference=102 fused=101
scales/guards first=32 reference=0.0297244 fused=0.0297771
GDN dev=2 kh0=11 nr=4 pattern=1 bad=823
GDN cases=54 mismatches=15792
